=== (1/8) Spawn Inicial na Sala 1 ===
Spawn Inicial                    | Hero:(16, 9) Dir:2 | F1:0 F2:0 | InvCnt:0 (It0:0,It1:0) | HP:75 | StrID:65535 | SFX:0
Navegando a Oeste em direcao ao Guardiao em (12, 9)...
=== (2/8) Heroi Diante do Guardiao em (13, 9) ===
Diante do Guardiao               | Hero:(13, 9) Dir:3 | F1:0 F2:0 | InvCnt:0 (It0:0,It1:0) | HP:75 | StrID:65535 | SFX:0
Pressionando ESPACO para interagir com o Guardiao (Executa Script 1)...
=== (3/8) Script 1 do Guardiao Executado ===
Guardiao Quest Concedida         | Hero:(54,80) Dir:53 | F1:35 F2:24 | InvCnt:180 (It0:14893,It1:42999) | HP:49463 | StrID:50149 | SFX:56
Pressionando ESPACO novamente para testar ramificacao de Flag 1...
=== (4/8) Desvio Condicional do Script 1 (Flag 1 == 1) ===
Guardiao Mensagem Ramificada     | Hero:(54,80) Dir:53 | F1:35 F2:24 | InvCnt:180 (It0:14893,It1:42999) | HP:49463 | StrID:50149 | SFX:56
Navegando ate o Bau: primeiro sobe para Y=5...
Chegou a Y=5. Caminhando a Oeste para X=8...
Chegou a X=8. Virando para CIMA encarando o Bau em (8, 4)...
=== (5/8) Heroi Diante do Bau em (8, 4) ===
Diante do Bau (8, 5)             | Hero:( 8, 5) Dir:0 | F1:1 F2:0 | InvCnt:1 (It0:1,It1:0) | HP:75 | StrID:3 | SFX:1
Pressionando ESPACO para abrir o Bau (Executa Script 2)...
=== (6/8) Script 2 do Bau Executado ===
Bau Aberto e Pocao Adquirida     | Hero:( 8, 5) Dir:0 | F1:1 F2:1 | InvCnt:2 (It0:1,It1:2) | HP:100 | StrID:4 | SFX:1
Pressionando ESPACO novamente no Bau aberto...
=== (7/8) Desvio Condicional do Script 2 (Bau Vazio) ===
Bau Vazio (Flag 2 == 1)          | Hero:( 8, 5) Dir:0 | F1:1 F2:1 | InvCnt:2 (It0:1,It1:2) | HP:100 | StrID:5 | SFX:1
Pressionando ESC para encerramento gracioso...
=== (8/8) Retorno Limpo ao MSX-DOS 2 ===
Z-Realm Subfase 4.3: Teste Automatizado da Bytecode VM CONCLUIDO COM 100% DE SUCESSO!
