Iniciando ciclo de controle deterministico...
=== (1/9) Spawn Inicial na Sala 1 (HUD & Painel Ativos) ===
Spawn Inicial                  | Hero:(16, 9) Dir:2 | Dlg:100 | F1:0 F2:0 | Inv:0 | HP:75 | StrID:65535
Navegando a Oeste em direcao ao Guardiao em (12, 9)...
=== (2/9) Heroi Diante do Guardiao em (13, 9) ===
Diante do Guardiao             | Hero:(13, 9) Dir:3 | Dlg:100 | F1:0 F2:0 | Inv:0 | HP:75 | StrID:65535
Pressionando ESPACO para interagir com o Guardiao (Abre Caixa de Dialogo)...
=== (3/9) Caixa de Dialogo do Guardiao Aberta (Linhas 19-23) ===
Dialogo Guardiao Aberto        | Hero:(13, 9) Dir:3 | Dlg:100 | F1:1 F2:0 | Inv:1 | HP:75 | StrID:2
Pressionando ESPACO para fechar a caixa de dialogo...
=== (4/9) Dialogo Fechado (Painel de Repouso Restaurado) ===
Dialogo Fechado                | Hero:(13, 9) Dir:3 | Dlg:100 | F1:1 F2:0 | Inv:1 | HP:75 | StrID:2
Pressionando ESPACO novamente para testar ramificacao de Flag 1...
=== (5/9) Dialogo Ramificado do Guardiao (Flag 1 == 1) ===
Dialogo Ramificado             | Hero:(13, 9) Dir:3 | Dlg:100 | F1:1 F2:0 | Inv:1 | HP:75 | StrID:2
Fechando dialogo e navegando ate o Bau...
=== (6/9) Heroi Diante do Bau Antigo em (8, 4) ===
Diante do Bau                  | Hero:( 8, 5) Dir:0 | Dlg:100 | F1:1 F2:0 | Inv:1 | HP:75 | StrID:2
Pressionando ESPACO para abrir o Bau (Executa Cura +25 HP no HUD)...
=== (7/9) Bau Aberto: Dialogo do Bau + HUD Curado para 100 HP! ===
Bau Aberto e Curado            | Hero:( 8, 5) Dir:0 | Dlg:100 | F1:1 F2:1 | Inv:2 | HP:100 | StrID:4
Pressionando ESPACO para fechar dialogo do bau...
Pressionando ESPACO para reinspecionar o Bau esvaziado...
=== (8/9) Dialogo de Bau Vazio Detectado ===
Bau Vazio                      | Hero:( 8, 5) Dir:0 | Dlg:100 | F1:1 F2:1 | Inv:2 | HP:100 | StrID:4
Fechando dialogo e pressionando ESC para encerramento...
=== (9/9) Pressionando ESC para Saida Limpa ao MSX-DOS 2 ===
=== VALIDACAO DA SUBFASE 4.4 CONCLUIDA COM 100% DE SUCESSO! ===
